// Jest Snapshot v1, https://goo.gl/fbAQLP

exports[`header createHeader 1`] = `
"\`\`\`
id: 1
title: 새로운 이슈
type: ISSUE_POST
author: doortts
authorName: 너굴
createdAt: 2016-11-19T08:12:03.000Z
attachments:
  - id: 21957
    name: bensound-cute.mp3
    hash: 0df209c0a171931c4612ac8edefc0d681498148e
    mimeType: audio/mpeg
    size: 2718353
comments:
  - id: 1
    authorId: doortts
    authorName: 너굴
    createdAt: 1479543131000
    body: \\"넹 그럿습니다.\\\\r\\\\nㅋㅋ\\"
  - id: 2
    authorId: doortts
    authorName: 너굴
    createdAt: 1479579108000
    body: \\"정말요?\\\\r\\\\n\\"
  - id: 3
    authorId: doortts
    authorName: 너굴
    createdAt: 1479579129000
    body: \\"넹..ㅋㅋ[bensound-memories.mp3](/files/21959)\\\\r\\\\n[bensound-cute.mp3](/files/21958)\\\\r\\\\n\\"
    attachments:
      - id: 21958
        name: bensound-cute.mp3
        hash: 0df209c0a171931c4612ac8edefc0d681498148e
        mimeType: audio/mpeg
        size: 2718353
      - id: 21959
        name: bensound-memories.mp3
        hash: 7e89fcc98822bdd2c0da64b23178bfb6ca7d78dc
        mimeType: audio/mpeg
        size: 3224136
\`\`\`
이슈인거죠!!
[bensound-cute.mp3](/files/21957)"
`;
